
> festa-frontend@0.0.0 build
> npm run assets:build && tsc -b && vite build


> festa-frontend@0.0.0 assets:build
> node tools/assets/build-booth-assets.mjs && node tools/assets/compile-runtime-assets.mjs

THREE.FBXLoader: unknown material type "unknown". Defaulting to MeshPhongMaterial.
THREE.FBXLoader: unknown material type "unknown". Defaulting to MeshPhongMaterial.
DISP_BOX_01            26140 B  tri   240  size 0.6 × 1.6085 × 0.6 m
FBXLoader: Undefined filename, creating placeholder texture.
FURN_CHAIR_01_WHITE   118164 B  tri  1212  size 0.3774 × 0.45 × 0.3774 m
  ! C:\colosair\projects\festa-fe-p789\festa-unity\Assets\_Project\Prefabs\Booth\SurveyKiosk.prefab: MonoBehaviour 는 재현하지 않는다 (SurveyKiosk)
  ! C:\colosair\projects\festa-fe-p789\festa-unity\Assets\_Project\Prefabs\Booth\SurveyKiosk.prefab: MonoBehaviour 는 재현하지 않는다 (SurveyKiosk)
THREE.FBXLoader: unknown material type "unknown". Defaulting to MeshPhongMaterial.
THREE.FBXLoader: 3dsMax|maps|texmap_diffuse map is not supported in three.js, skipping texture.
THREE.FBXLoader: unknown material type "unknown". Defaulting to MeshPhongMaterial.
BOOTH_KIOSK_SURVEY     39976 B  tri   286  size 0.62 × 0.9255 × 0.3195 m
FURN_CHAIR_02_WHITE   150116 B  tri  1545  size 0.5266 × 0.789 × 0.593 m
  ! C:\colosair\projects\festa-fe-p789\festa-unity\Assets\_Project\Prefabs\Booth\Decor\STRUCT_PANEL_01.prefab: MonoBehaviour 는 재현하지 않는다 (STRUCT_PANEL_01)
FBXLoader: Undefined filename, creating placeholder texture.
STRUCT_PANEL_01        16476 B  tri   148  size 2 × 2.1 × 0.02 m
  ! C:\colosair\projects\festa-fe-p789\festa-unity\Assets\_Project\Prefabs\Booth\Decor\FURN_COUNTER_02.prefab: MonoBehaviour 는 재현하지 않는다 (FURN_COUNTER_02)
THREE.FBXLoader: 3dsMax|maps|texmap_diffuse map is not supported in three.js, skipping texture.
THREE.FBXLoader: unknown material type "unknown". Defaulting to MeshPhongMaterial.
FURN_COUNTER_02        33524 B  tri   266  size 0.62 × 0.9197 × 0.3195 m
  ! C:\colosair\projects\festa-fe-p789\festa-unity\Assets\_Project\Prefabs\Booth\Decor\DISP_STAND_PLASTIC_01.prefab: MonoBehaviour 는 재현하지 않는다 (DISP_STAND_PLASTIC_01)
FBXLoader: Undefined filename, creating placeholder texture.
THREE.FBXLoader: unknown material type "unknown". Defaulting to MeshPhongMaterial.
DISP_STAND_PLASTIC_01   13552 B  tri   104  size 0.21 × 0.3083 × 0.0887 m
  ! C:\colosair\projects\festa-fe-p789\festa-unity\Assets\_Project\Prefabs\Booth\Decor\STRUCT_TRUSS_HORIZONTAL_LAMP.prefab: MonoBehaviour 는 재현하지 않는다 (STRUCT_TRUSS_HORIZONTAL_LAMP)
THREE.FBXLoader: 3dsMax|maps|texmap_diffuse map is not supported in three.js, skipping texture.
THREE.FBXLoader: unknown material type "unknown". Defaulting to MeshPhongMaterial.
THREE.FBXLoader: 3dsMax|maps|texmap_diffuse map is not supported in three.js, skipping texture.
THREE.FBXLoader: unknown material type "unknown". Defaulting to MeshPhongMaterial.
THREE.FBXLoader: 3dsMax|maps|texmap_diffuse map is not supported in three.js, skipping texture.
THREE.FBXLoader: unknown material type "unknown". Defaulting to MeshPhongMaterial.
THREE.FBXLoader: 3dsMax|maps|texmap_diffuse map is not supported in three.js, skipping texture.
THREE.FBXLoader: unknown material type "unknown". Defaulting to MeshPhongMaterial.
THREE.FBXLoader: 3dsMax|maps|texmap_diffuse map is not supported in three.js, skipping texture.
THREE.FBXLoader: unknown material type "unknown". Defaulting to MeshPhongMaterial.
THREE.FBXLoader: 3dsMax|maps|texmap_diffuse map is not supported in three.js, skipping texture.
THREE.FBXLoader: unknown material type "unknown". Defaulting to MeshPhongMaterial.
THREE.FBXLoader: 3dsMax|maps|texmap_diffuse map is not supported in three.js, skipping texture.
THREE.FBXLoader: unknown material type "unknown". Defaulting to MeshPhongMaterial.
STRUCT_TRUSS_HORIZONTAL_LAMP  112980 B  tri   982  size 1.5627 × 2.25 × 0.3 m
  ! C:\colosair\projects\festa-fe-p789\festa-unity\Assets\_Project\Prefabs\Booth\Decor\STRUCT_TRUSS_VERTICAL.prefab: MonoBehaviour 는 재현하지 않는다 (STRUCT_TRUSS_VERTICAL)
THREE.FBXLoader: 3dsMax|maps|texmap_diffuse map is not supported in three.js, skipping texture.
THREE.FBXLoader: unknown material type "unknown". Defaulting to MeshPhongMaterial.
STRUCT_TRUSS_VERTICAL   57524 B  tri   576  size 0.3 × 2 × 0.3 m
  ! C:\colosair\projects\festa-fe-p789\festa-unity\Assets\_Project\Prefabs\Booth\Decor\STRUCT_TRUSS_BASE.prefab: MonoBehaviour 는 재현하지 않는다 (STRUCT_TRUSS_BASE)
THREE.FBXLoader: 3dsMax|maps|texmap_diffuse map is not supported in three.js, skipping texture.
THREE.FBXLoader: unknown material type "unknown". Defaulting to MeshPhongMaterial.
STRUCT_TRUSS_BASE      37472 B  tri   366  size 0.35 × 0.35 × 0.5 m

manifest: C:\colosair\projects\festa-fe-p789\festa-frontend\.generated\intermediate\manifest.json (10 assets)
경고 8건 — 위 목록 참조
THREE.FBXLoader: unknown material type "unknown". Defaulting to MeshPhongMaterial.
THREE.FBXLoader: unknown material type "unknown". Defaulting to MeshPhongMaterial.
prune: Removed types... Node (3)
prune: Removed types... Mesh (1), Node (1), Primitive (2), Accessor (8)
quantize: Skipping TEXCOORD_0; out of [0,1] range.
prune: Removed types... Accessor (2)
■ DISP_BOX_01
  license   productionCandidate
  intermed  26140 B · tri 240 · mesh 2 · node 5
  geometry  flatten → dedup → join → weld → prune(keepAttributes) → quantize
            tri 240 → 240 · vert 720 → 520 · mesh 2 → 1 · node 5 → 1
            simplify 보류 (240 tri 는 예산 2000 이하 — 더 줄이면 외형만 잃는다)
  material  (계약 대표 재질)               baseColor [1.00, 1.00, 1.00] · metal 0 · rough 0.50
            metallicRoughness  3386787 B 2048x2048 → 7392 B 512x512 webp · A(smoothness)→G(1-roughness) · R(metallic)→B
            합계 재질 1 · 3386787 → 7392 B (0.22%)
  strip     5개 이름/extras 제거
  emit      DISP_BOX_01.glb 22892 B · bbox 0.6000 × 1.6085 × 0.6000
  thumbnail DISP_BOX_01.webp 2948 B (256px)
FBXLoader: Undefined filename, creating placeholder texture.
prune: Removed types... Node (3)
quantize: Skipping TEXCOORD_0; out of [0,1] range.
prune: Removed types... Accessor (2)
■ FURN_CHAIR_01_WHITE
  license   productionCandidate
  intermed  118164 B · tri 1212 · mesh 1 · node 4
  geometry  flatten → dedup → join → weld → prune(keepAttributes) → quantize
            tri 1212 → 1212 · vert 3636 → 1040 · mesh 1 → 1 · node 4 → 1
            simplify 보류 (1212 tri 는 예산 2000 이하 — 더 줄이면 외형만 잃는다)
  material  (계약 대표 재질)               baseColor [1.00, 1.00, 1.00] · metal 0 · rough 0.50
            metallicRoughness  3386787 B 2048x2048 → 7392 B 512x512 webp · A(smoothness)→G(1-roughness) · R(metallic)→B
            합계 재질 1 · 3386787 → 7392 B (0.22%)
  strip     5개 이름/extras 제거
  emit      FURN_CHAIR_01_WHITE.glb 41252 B · bbox 0.3774 × 0.4500 × 0.3774
  thumbnail FURN_CHAIR_01_WHITE.webp 8010 B (256px)
  ! C:\colosair\projects\festa-fe-p789\festa-unity\Assets\_Project\Prefabs\Booth\SurveyKiosk.prefab: MonoBehaviour 는 재현하지 않는다 (SurveyKiosk)
  ! C:\colosair\projects\festa-fe-p789\festa-unity\Assets\_Project\Prefabs\Booth\SurveyKiosk.prefab: MonoBehaviour 는 재현하지 않는다 (SurveyKiosk)
THREE.FBXLoader: unknown material type "unknown". Defaulting to MeshPhongMaterial.
THREE.FBXLoader: 3dsMax|maps|texmap_diffuse map is not supported in three.js, skipping texture.
THREE.FBXLoader: unknown material type "unknown". Defaulting to MeshPhongMaterial.
prune: Removed types... Node (15)
prune: Removed types... Mesh (3), Node (3), Primitive (9), Accessor (36)
quantize: Skipping TEXCOORD_0; out of [0,1] range.
prune: Removed types... Accessor (8)
■ BOOTH_KIOSK_SURVEY
  license   productionCandidate
  intermed  39976 B · tri 286 · mesh 5 · node 20
  geometry  flatten → dedup → join → weld → prune(keepAttributes) → quantize
            tri 286 → 286 · vert 2310 → 332 · mesh 5 → 2 · node 20 → 2
            simplify 보류 (286 tri 는 예산 2000 이하 — 더 줄이면 외형만 잃는다)
  material  Tablet.mat               baseColor [1.00, 1.00, 1.00] · metal 0.19999996 · rough 0.07
            baseColor          38688 B 389x550 → 1126 B 362x512 webp
            metallicRoughness  93024 B 389x550 → 1106 B 362x512 webp · A(smoothness)→G(1-roughness) · R(metallic)→B
  material  AluminiumBrushed.mat     baseColor [1.00, 1.00, 1.00] · metal 0 · rough 0.50
            metallicRoughness  3391024 B 2048x2048 → 7218 B 512x512 webp · A(smoothness)→G(1-roughness) · R(metallic)→B
  material  PlasticWhite.mat         baseColor [1.00, 1.00, 1.00] · metal 0 · rough 0.50
            metallicRoughness  3386787 B 2048x2048 → 7392 B 512x512 webp · A(smoothness)→G(1-roughness) · R(metallic)→B
            합계 재질 3 · 6909523 → 16842 B (0.24%)
  strip     12개 이름/extras 제거
  emit      BOOTH_KIOSK_SURVEY.glb 29720 B · bbox 0.6200 × 0.9255 × 0.3196
  thumbnail BOOTH_KIOSK_SURVEY.webp 3914 B (256px)
prune: Removed types... Node (3)
prune: Removed types... Accessor (3)
■ FURN_CHAIR_02_WHITE
  license   productionCandidate
  intermed  150116 B · tri 1545 · mesh 1 · node 4
  geometry  flatten → dedup → join → weld → prune(keepAttributes) → quantize
            tri 1545 → 1545 · vert 4635 → 1301 · mesh 1 → 1 · node 4 → 1
            simplify 보류 (1545 tri 는 예산 2000 이하 — 더 줄이면 외형만 잃는다)
  material  (계약 대표 재질)               baseColor [1.00, 1.00, 1.00] · metal 0 · rough 0.50
            baseColor          2131838 B 2048x2048 → 18170 B 512x512 webp
            normal             5951886 B 2048x2048 → 16530 B 512x512 webp
            metallicRoughness  2294330 B 2048x2048 → 12904 B 512x512 webp · A(smoothness)→G(1-roughness) · R(metallic)→B
            합계 재질 1 · 10378054 → 47604 B (0.46%)
  strip     7개 이름/extras 제거
  emit      FURN_CHAIR_02_WHITE.glb 84908 B · bbox 0.5266 × 0.7890 × 0.5930
  thumbnail FURN_CHAIR_02_WHITE.webp 5962 B (256px)
  ! C:\colosair\projects\festa-fe-p789\festa-unity\Assets\_Project\Prefabs\Booth\Decor\STRUCT_PANEL_01.prefab: MonoBehaviour 는 재현하지 않는다 (STRUCT_PANEL_01)
FBXLoader: Undefined filename, creating placeholder texture.
prune: Removed types... Node (6)
quantize: Skipping TEXCOORD_0; out of [0,1] range.
prune: Removed types... Accessor (2)
■ STRUCT_PANEL_01
  license   productionCandidate
  intermed  16476 B · tri 148 · mesh 1 · node 7
  geometry  flatten → dedup → join → weld → prune(keepAttributes) → quantize
            tri 148 → 148 · vert 444 → 296 · mesh 1 → 1 · node 7 → 1
            simplify 보류 (148 tri 는 예산 2000 이하 — 더 줄이면 외형만 잃는다)
  material  AluminiumBrushed.mat     baseColor [1.00, 1.00, 1.00] · metal 0 · rough 0.50
            metallicRoughness  3391024 B 2048x2048 → 7218 B 512x512 webp · A(smoothness)→G(1-roughness) · R(metallic)→B
            합계 재질 1 · 3391024 → 7218 B (0.21%)
  strip     5개 이름/extras 제거
  emit      STRUCT_PANEL_01.glb 16828 B · bbox 2.0000 × 2.1000 × 0.0200
  thumbnail STRUCT_PANEL_01.webp 1632 B (256px)
  ! C:\colosair\projects\festa-fe-p789\festa-unity\Assets\_Project\Prefabs\Booth\Decor\FURN_COUNTER_02.prefab: MonoBehaviour 는 재현하지 않는다 (FURN_COUNTER_02)
THREE.FBXLoader: 3dsMax|maps|texmap_diffuse map is not supported in three.js, skipping texture.
THREE.FBXLoader: unknown material type "unknown". Defaulting to MeshPhongMaterial.
prune: Removed types... Node (12)
prune: Removed types... Mesh (1), Node (1), Primitive (4), Accessor (16)
quantize: Skipping TEXCOORD_0; out of [0,1] range.
prune: Removed types... Accessor (8)
■ FURN_COUNTER_02
  license   productionCandidate
  intermed  33524 B · tri 266 · mesh 4 · node 16
  geometry  flatten → dedup → join → weld → prune(keepAttributes) → quantize
            tri 266 → 266 · vert 834 → 464 · mesh 4 → 3 · node 16 → 3
            simplify 보류 (266 tri 는 예산 2000 이하 — 더 줄이면 외형만 잃는다)
  material  AluminiumBrushed.mat     baseColor [1.00, 1.00, 1.00] · metal 0 · rough 0.50
            metallicRoughness  3391024 B 2048x2048 → 7218 B 512x512 webp · A(smoothness)→G(1-roughness) · R(metallic)→B
  material  Default-Material_URP.mat baseColor [1.00, 1.00, 1.00] · metal 0 · rough 0.50
  material  PlasticWhite.mat         baseColor [1.00, 1.00, 1.00] · metal 0 · rough 0.50
            metallicRoughness  3386787 B 2048x2048 → 7392 B 512x512 webp · A(smoothness)→G(1-roughness) · R(metallic)→B
            합계 재질 3 · 6777811 → 14610 B (0.22%)
  strip     12개 이름/extras 제거
  emit      FURN_COUNTER_02.glb 29516 B · bbox 0.6200 × 0.9197 × 0.3196
  thumbnail FURN_COUNTER_02.webp 4420 B (256px)
  ! C:\colosair\projects\festa-fe-p789\festa-unity\Assets\_Project\Prefabs\Booth\Decor\DISP_STAND_PLASTIC_01.prefab: MonoBehaviour 는 재현하지 않는다 (DISP_STAND_PLASTIC_01)
FBXLoader: Undefined filename, creating placeholder texture.
THREE.FBXLoader: unknown material type "unknown". Defaulting to MeshPhongMaterial.
prune: Removed types... Node (6)
quantize: Skipping TEXCOORD_0; out of [0,1] range.
prune: Removed types... Accessor (5)
■ DISP_STAND_PLASTIC_01
  license   productionCandidate
  intermed  13552 B · tri 104 · mesh 1 · node 7
  geometry  flatten → dedup → join → weld → prune(keepAttributes) → quantize
            tri 104 → 104 · vert 624 → 120 · mesh 1 → 1 · node 7 → 1
            simplify 보류 (104 tri 는 예산 2000 이하 — 더 줄이면 외형만 잃는다)
  material  Glass.mat                baseColor [1.00, 1.00, 1.00] · metal 0 · rough 0.00
  material  Default-Material_URP.mat baseColor [1.00, 1.00, 1.00] · metal 0 · rough 0.50
  strip     5개 이름/extras 제거
  emit      DISP_STAND_PLASTIC_01.glb 5148 B · bbox 0.2100 × 0.3083 × 0.0888
  thumbnail DISP_STAND_PLASTIC_01.webp 2260 B (256px)
  ! C:\colosair\projects\festa-fe-p789\festa-unity\Assets\_Project\Prefabs\Booth\Decor\STRUCT_TRUSS_HORIZONTAL_LAMP.prefab: MonoBehaviour 는 재현하지 않는다 (STRUCT_TRUSS_HORIZONTAL_LAMP)
THREE.FBXLoader: 3dsMax|maps|texmap_diffuse map is not supported in three.js, skipping texture.
THREE.FBXLoader: unknown material type "unknown". Defaulting to MeshPhongMaterial.
THREE.FBXLoader: 3dsMax|maps|texmap_diffuse map is not supported in three.js, skipping texture.
THREE.FBXLoader: unknown material type "unknown". Defaulting to MeshPhongMaterial.
THREE.FBXLoader: 3dsMax|maps|texmap_diffuse map is not supported in three.js, skipping texture.
THREE.FBXLoader: unknown material type "unknown". Defaulting to MeshPhongMaterial.
THREE.FBXLoader: 3dsMax|maps|texmap_diffuse map is not supported in three.js, skipping texture.
THREE.FBXLoader: unknown material type "unknown". Defaulting to MeshPhongMaterial.
THREE.FBXLoader: 3dsMax|maps|texmap_diffuse map is not supported in three.js, skipping texture.
THREE.FBXLoader: unknown material type "unknown". Defaulting to MeshPhongMaterial.
THREE.FBXLoader: 3dsMax|maps|texmap_diffuse map is not supported in three.js, skipping texture.
THREE.FBXLoader: unknown material type "unknown". Defaulting to MeshPhongMaterial.
THREE.FBXLoader: 3dsMax|maps|texmap_diffuse map is not supported in three.js, skipping texture.
THREE.FBXLoader: unknown material type "unknown". Defaulting to MeshPhongMaterial.
prune: Removed types... Node (24)
prune: Removed types... Mesh (4), Node (4), Primitive (15), Accessor (44)
quantize: Skipping TEXCOORD_0; out of [0,1] range.
quantize: Skipping TEXCOORD_0; out of [0,1] range.
prune: Removed types... Accessor (7)
■ STRUCT_TRUSS_HORIZONTAL_LAMP
  license   productionCandidate
  intermed  112980 B · tri 982 · mesh 7 · node 31
  geometry  flatten → dedup → join → weld → prune(keepAttributes) → quantize
            tri 982 → 982 · vert 3342 → 1167 · mesh 7 → 3 · node 31 → 3
            simplify 보류 (982 tri 는 예산 2000 이하 — 더 줄이면 외형만 잃는다)
  material  Aluminium.mat            baseColor [1.00, 1.00, 1.00] · metal 0 · rough 0.50
            metallicRoughness  3391024 B 2048x2048 → 7218 B 512x512 webp · A(smoothness)→G(1-roughness) · R(metallic)→B
  material  PlasticBlack.mat         baseColor [0.00, 0.00, 0.00] · metal 0 · rough 0.25
            metallicRoughness  93024 B 389x550 → 1106 B 362x512 webp · A(smoothness)→G(1-roughness) · R(metallic)→B
  material  Light.mat                baseColor [1.00, 1.00, 1.00] · metal 0 · rough 0.50
            합계 재질 3 · 3484048 → 8324 B (0.24%)
  strip     12개 이름/extras 제거
  emit      STRUCT_TRUSS_HORIZONTAL_LAMP.glb 43088 B · bbox 1.5626 × 2.2500 × 0.3000
  thumbnail STRUCT_TRUSS_HORIZONTAL_LAMP.webp 3526 B (256px)
  ! C:\colosair\projects\festa-fe-p789\festa-unity\Assets\_Project\Prefabs\Booth\Decor\STRUCT_TRUSS_VERTICAL.prefab: MonoBehaviour 는 재현하지 않는다 (STRUCT_TRUSS_VERTICAL)
THREE.FBXLoader: 3dsMax|maps|texmap_diffuse map is not supported in three.js, skipping texture.
THREE.FBXLoader: unknown material type "unknown". Defaulting to MeshPhongMaterial.
prune: Removed types... Node (6)
prune: Removed types... Accessor (3)
■ STRUCT_TRUSS_VERTICAL
  license   productionCandidate
  intermed  57524 B · tri 576 · mesh 1 · node 7
  geometry  flatten → dedup → join → weld → prune(keepAttributes) → quantize
            tri 576 → 576 · vert 1728 → 712 · mesh 1 → 1 · node 7 → 1
            simplify 보류 (576 tri 는 예산 2000 이하 — 더 줄이면 외형만 잃는다)
  material  Aluminium.mat            baseColor [1.00, 1.00, 1.00] · metal 0 · rough 0.50
            metallicRoughness  3391024 B 2048x2048 → 7218 B 512x512 webp · A(smoothness)→G(1-roughness) · R(metallic)→B
            합계 재질 1 · 3391024 → 7218 B (0.21%)
  strip     5개 이름/extras 제거
  emit      STRUCT_TRUSS_VERTICAL.glb 26500 B · bbox 0.3000 × 2.0000 × 0.3000
  thumbnail STRUCT_TRUSS_VERTICAL.webp 4242 B (256px)
  ! C:\colosair\projects\festa-fe-p789\festa-unity\Assets\_Project\Prefabs\Booth\Decor\STRUCT_TRUSS_BASE.prefab: MonoBehaviour 는 재현하지 않는다 (STRUCT_TRUSS_BASE)
THREE.FBXLoader: 3dsMax|maps|texmap_diffuse map is not supported in three.js, skipping texture.
THREE.FBXLoader: unknown material type "unknown". Defaulting to MeshPhongMaterial.
prune: Removed types... Node (6)
prune: Removed types... Accessor (3)
■ STRUCT_TRUSS_BASE
  license   productionCandidate
  intermed  37472 B · tri 366 · mesh 1 · node 7
  geometry  flatten → dedup → join → weld → prune(keepAttributes) → quantize
            tri 366 → 366 · vert 1098 → 412 · mesh 1 → 1 · node 7 → 1
            simplify 보류 (366 tri 는 예산 2000 이하 — 더 줄이면 외형만 잃는다)
  material  Aluminium.mat            baseColor [1.00, 1.00, 1.00] · metal 0 · rough 0.50
            metallicRoughness  3391024 B 2048x2048 → 7218 B 512x512 webp · A(smoothness)→G(1-roughness) · R(metallic)→B
            합계 재질 1 · 3391024 → 7218 B (0.21%)
  strip     5개 이름/extras 제거
  emit      STRUCT_TRUSS_BASE.glb 19308 B · bbox 0.3500 × 0.3500 × 0.5000
  thumbnail STRUCT_TRUSS_BASE.webp 7706 B (256px)

■ material probes
  PlasticWhite   채널 [metallicRoughness] · 원본 3386787 B (런타임 변환은 emit 단계)
  Chair02b       채널 [baseColor, normal, metallicRoughness] · 원본 10378054 B (런타임 변환은 emit 단계)

runtime manifest: C:\colosair\projects\festa-fe-p789\festa-frontend\public\assets\booth-runtime\manifest.json (10 assets, emission=productionCandidate)
경고 8건 — 위 목록 참조
vite v8.2.1 building client environment for production...
[2K
transforming...✓ 408 modules transformed.
rendering chunks...
computing gzip size...
dist/index.html                                                0.83 kB │ gzip:   0.52 kB
dist/assets/template-escape-preview-B5GRiLw9.webp             66.56 kB
dist/assets/template-shooter-preview-BIqb-lwJ.webp            80.79 kB
dist/assets/template-platformer-preview-CvorhTGe.webp         86.70 kB
dist/assets/template-survival-preview-DyFyY6_d.webp          118.88 kB
dist/assets/template-collection-preview-BYkas2ug.webp        162.15 kB
dist/assets/template-story-preview-BOtUwIAM.webp             182.49 kB
dist/assets/visual-novel-library-background-B5nsm8f5.webp    216.05 kB
dist/assets/library-room-preview-DftTTUbZ.webp               216.57 kB
dist/assets/landing-background-DZjrecHr.webp                 238.88 kB
dist/assets/ssafesta-logo-CiXFtu5K.webp                      245.87 kB
dist/assets/adventurer-walk-4x4-B6DNuSAt.webp                293.97 kB
dist/assets/login-background-DzKxhXrU.webp                   328.47 kB
dist/assets/fantasy-object-atlas-4x4-C63FgNY6.webp           392.55 kB
dist/assets/dialogue-portrait-pack-4x3-U2fT12cC.webp         561.46 kB
dist/assets/fantasy-objects-expanded-8x4-MXWslYL3.webp       582.22 kB
dist/assets/platformer-starter-tileset-8x8-CvnOA9SH.webp     647.44 kB
dist/assets/fantasy-library-tileset-8x8-DYhBy4qt.webp        676.81 kB
dist/assets/midnight-circus-soft-login-BgNR5spe.mp3        4,770.45 kB
dist/assets/world-mock-background-DRqw0CG8.png             4,895.56 kB
dist/assets/GameOverlay-DLEDUFJh.css                           1.03 kB │ gzip:   0.52 kB
dist/assets/PublishedGameSurface-DtgCQmYE.css                  9.41 kB │ gzip:   2.62 kB
dist/assets/StudioPage-DrF14047.css                           18.93 kB │ gzip:   4.32 kB
dist/assets/WorldPage-B6zv-Udd.css                            20.10 kB │ gzip:   4.40 kB
dist/assets/index-ZFjcEerF.css                                42.60 kB │ gzip:   8.72 kB
dist/assets/EditGamePage-Bbqjbj2O.css                         56.08 kB │ gzip:  10.51 kB
dist/assets/facadeApi.select-dRUxFgqK.js                       0.43 kB │ gzip:   0.30 kB
dist/assets/PlayGamePage-DlzHQ_gk.js                           5.07 kB │ gzip:   2.32 kB
dist/assets/GameOverlay-BwTvY02_.js                            6.06 kB │ gzip:   2.23 kB
dist/assets/runtimeConfig-CftlHnER.js                          7.01 kB │ gzip:   2.82 kB
dist/assets/runtime-CFYr8Kpu.js                                9.40 kB │ gzip:   3.63 kB
dist/assets/PublishedGameSurface-CUs8y7il.js                  32.20 kB │ gzip:  10.24 kB
dist/assets/SpriteAnimationPreview-DNk0cKck.js                33.02 kB │ gzip:  10.42 kB
dist/assets/StudioPage-BdSY4wNP.js                            67.60 kB │ gzip:  21.20 kB
dist/assets/WorldPage-DC1tniqX.js                             71.18 kB │ gzip:  21.89 kB
dist/assets/chunk-62JRHF6Z-GVRMLwSy.js                        91.63 kB │ gzip:  30.42 kB
dist/assets/EditGamePage-CqPLaNGA.js                         172.15 kB │ gzip:  47.13 kB
dist/assets/index-ai7e_CL0.js                                316.91 kB │ gzip:  96.90 kB
dist/assets/R3FBoothRenderer-D3B_5gSc.js                     904.61 kB │ gzip: 241.12 kB

✓ built in 448ms
[plugin builtin:vite-reporter] 
(!) Some chunks are larger than 500 kB after minification. Consider:
- Using dynamic import() to code-split the application
- Use build.rolldownOptions.output.codeSplitting to improve chunking: https://rolldown.rs/reference/OutputOptions.codeSplitting
- Adjust chunk size limit for this warning via build.chunkSizeWarningLimit.
